// Jest Snapshot v1, https://goo.gl/fbAQLP

exports[`should render component 1`] = `
<DocumentFragment>
  <div
    class="tile-container"
  >
    <button
      class="btn "
      data-testid="tile-item-1"
    >
      1
    </button>
  </div>
</DocumentFragment>
`;
